// Jest Snapshot v1, https://goo.gl/fbAQLP

exports[`LoadingMessage renders correctly 1`] = `
<Component
  style={
    Object {
      "marginTop": 50,
      "padding": 20,
    }
  }
>
  <Styled(Text)
    style={
      Object {
        "color": "#777",
        "textAlign": "center",
      }
    }
  >
    Some content to explain why it is loading.
  </Styled(Text)>
  <Styled(Spinner)
    color="#777"
  />
</Component>
`;
